// Jest Snapshot v1, https://goo.gl/fbAQLP

exports[`Footer renders correctly 1`] = `
<div
  className="bg-red-500 py-10 mt-10"
>
  <div
    className="container mx-auto"
  >
    <p
      className="text-white text-xs text-right"
    >
      Copyright - Lauri Saarni - 2021
    </p>
  </div>
</div>
`;
