// Jest Snapshot v1, https://goo.gl/fbAQLP

exports[`LargeEpisodePlayer renders correctly 1`] = `
<div
  className="container mx-auto"
>
  <div
    className="bg-gray-700 py-10 px-10 text-white"
  >
    <div
      class="flex flex-row content-center items-center mb-10"
    >
      <div
        className="episode-number text-4xl py-4 px-4 bg-white text-gray-900 uppercase mr-10"
      >
        Jakso 
        1
      </div>
      <div>
        <h2
          className="text-6xl mb-5 font-bold"
        >
          Seurantakoodi Mk 16:15-16
        </h2>
        <div
          class="flex flex-row pl-100"
        >
          <div
            className="mr-2"
          >
            <svg
              height="30"
              viewBox="0 0 28 30"
              width="28"
              xmlns="http://www.w3.org/2000/svg"
            >
              <path
                d="m2.509 12.432h22.944v14.85h-22.944z"
                fill="#fff"
              />
              <path
                d="m3.334 3.925h21.042c.924 0 1.672.508 1.672 1.134v6.239c0 .626-.748 1.134-1.672 1.134h-21.042c-.924 0-1.673-.508-1.673-1.134v-6.239c0-.626.749-1.134 1.673-1.134z"
                fill="#f71025"
              />
              <g
                fill="#0e0c0c"
              >
                <path
                  d="m22.868 2.804c2.572 0 4.632 2.084 4.632 4.626v17.944c0 2.542-2.06 4.626-4.632 4.626h-17.736c-2.572 0-4.632-2.084-4.632-4.626v-17.944c0-2.542 2.06-4.626 4.632-4.626zm0 2.523h-17.736c-1.101 0-2.019.929-2.019 2.103v17.944c0 1.174.918 2.103 2.019 2.103h17.736c1.101 0 2.019-.929 2.019-2.103v-17.944c0-1.174-.918-2.103-2.019-2.103z"
                />
                <path
                  d="m9.645 0c.722 0 1.307.565 1.307 1.262v6.729c0 .696-.585 1.261-1.307 1.261-.721 0-1.306-.565-1.306-1.261v-6.729c0-.697.585-1.262 1.306-1.262z"
                />
                <path
                  d="m18.355 0c.721 0 1.306.565 1.306 1.262v6.729c0 .696-.585 1.261-1.306 1.261-.722 0-1.307-.565-1.307-1.261v-6.729c0-.697.585-1.262 1.307-1.262z"
                />
              </g>
              <path
                d="m5.267 14.477h2.535v2.448h-2.535z"
              />
              <path
                d="m10.147 14.477h2.536v2.448h-2.536z"
              />
              <path
                d="m15.027 14.477h2.536v2.448h-2.536z"
              />
              <path
                d="m19.907 14.477h2.536v2.448h-2.536z"
              />
              <path
                d="m5.267 18.672h2.535v2.449h-2.535z"
              />
              <path
                d="m10.147 18.672h2.536v2.449h-2.536z"
              />
              <path
                d="m15.027 18.672h2.536v2.449h-2.536z"
              />
              <path
                d="m19.907 18.672h2.536v2.449h-2.536z"
              />
              <path
                d="m5.267 22.867h2.535v2.449h-2.535z"
              />
              <path
                d="m10.147 22.867h2.536v2.449h-2.536z"
              />
              <path
                d="m15.027 22.867h2.536v2.449h-2.536z"
              />
              <path
                d="m19.907 22.867h2.536v2.449h-2.536z"
              />
            </svg>
          </div>
          <div
            className="mr-5"
          >
            <p>
              25.11.2020
            </p>
          </div>
          <div
            className="mr-2"
          >
            <svg
              height="30"
              viewBox="0 0 30 30"
              width="30"
              xmlns="http://www.w3.org/2000/svg"
            >
              <path
                d="m15 29c-7.732 0-14-6.268-14-14s6.268-14 14-14 14 6.268 14 14-6.268 14-14 14z"
                fill="#fff"
              />
              <path
                d="m15 0c8.284 0 15 6.716 15 15s-6.716 15-15 15-15-6.716-15-15 6.716-15 15-15zm0 2.857c-6.706 0-12.143 5.437-12.143 12.143s5.437 12.143 12.143 12.143 12.143-5.437 12.143-12.143-5.437-12.143-12.143-12.143z"
              />
              <path
                d="m15 4.996c.526 0 .952.426.952.952v9.052c0 .526-.426.952-.952.952s-.952-.426-.952-.952v-9.052c0-.526.426-.952.952-.952z"
              />
              <path
                d="m19.294 14.048c.526 0 .952.426.952.952s-.426.952-.952.952h-4.297c-.526 0-.952-.426-.952-.952s.426-.952.952-.952z"
              />
            </svg>
          </div>
          <div
            className="mr-5"
          >
            <p>
              19m 20s
            </p>
          </div>
          <div
            className="mr-2"
          >
            <svg
              height="30"
              viewBox="0 0 40 30"
              width="40"
              xmlns="http://www.w3.org/2000/svg"
            >
              <path
                d="m.714 4.415h2.674s.711-2.294.711-2.294 4.444-1.587 6.576-1.235c2.133.353 9.42 4.058 9.42 4.058s5.51-4.058 9.597-4.058h4.088s2.666 1.765 2.666 1.765v1.588h2.133s.178 24.877.178 24.877-38.043-.176-38.043-.176.897-24.525 0-24.525z"
                fill="#fff"
              />
              <path
                d="m30.078 0c1.413 0 2.972.2 4.537.53.844.19.536.112.929.213.03-.075.114.016.167.043l.418.107c.172.047.322.091.433.126.058.018.106.034.146.049s.04.015.147.068c.047.026.047.026.134.09.134.092.134.092.348.587-.006.464-.022.929-.028 1.394h1.731c.53 0 .96.429.96.959v25.094c0 .53-.43.96-.96.96h-38.08c-.53 0-.96-.43-.96-.96v-25.094c0-.53.43-.959.96-.959h1.731c.003-.465-.029-.93-.028-1.395.214-.494.214-.494.348-.586.087-.064.087-.064.134-.09.108-.053.108-.053.147-.068.041-.015.088-.031.146-.049.111-.035.261-.079.433-.126l.418-.107c.053-.027.137-.118.168-.043.392-.101.084-.023.928-.213 1.565-.33 3.124-.53 4.537-.53 2.752 0 4.132.374 6.232 1.425.455.227 1.043.563 1.739.987.101.061.203.123.307.188.507.313 1.034.647 1.549.982l.251.163.251-.163c.515-.335 1.042-.669 1.549-.982.104-.065.206-.127.307-.188.696-.424 1.284-.76 1.739-.987 2.1-1.051 3.48-1.425 6.232-1.425zm-27.382 5.126h-.777v23.175h16.286c-.512-.251-1.06-.518-1.551-.756-.093-.045-.093-.045-.185-.09-.665-.326-1.179-.585-1.6-.807-1.55-.821-3.626-1.314-5.456-1.314-.785 0-2.086.177-3.478.452-.567.113-1.103.233-1.493.333-.173.045-.306.083-.382.109-.011.004-.011.004.016-.01l.098-.06c-.567.278-.736.285-1.242-.087-.187-.184-.289-.422-.277-.683h-.004c0-.02 0-.02.001-.118 0-.136 0-.136.001-.342.002-.373.003-.8.005-1.274.006-1.355.011-2.818.016-4.335.006-1.951.011-3.848.015-5.636.007-3.292.009-6.034.005-8.045zm34.608 0 .002.512c-.004 2.011-.002 4.753.005 8.045.004 1.788.009 3.685.015 5.636.005 1.517.011 2.98.016 4.335.002.474.003.901.005 1.274.001.206.001.206.001.342.001.098.001.098.001.118h-.004c.012.261-.09.499-.277.683-.506.372-.675.365-1.242.087l.098.06c.027.014.027.014.016.01-.075-.026-.209-.064-.382-.109-.39-.1-.926-.22-1.493-.333-1.392-.275-2.692-.452-3.478-.452-1.83 0-3.906.493-5.456 1.314-.421.222-.935.481-1.6.807-.092.045-.092.045-.185.09-.491.239-1.039.505-1.551.756h16.286v-23.175zm-27.382-3.207c-1.262 0-2.696.184-4.141.489-.893.201-.499.104-1.185.28l.003.285c.007.621.012 1.515.014 2.661.005 2.014.003 4.759-.005 8.053-.003 1.789-.009 3.686-.015 5.638-.005 1.518-.01 2.981-.016 4.337l-.002.454c.691-.155.362-.085.987-.212 1.506-.298 2.91-.489 3.851-.489 2.136 0 4.521.566 6.354 1.536.4.212.898.463 1.547.781.091.044.091.044.182.089.411.199.906.44 1.34.652-.023-1.427-.015-.771-.025-1.968-.013-2.009-.007-4.745.014-8.027.012-1.782.028-3.671.047-5.615.015-1.512.031-2.97.046-4.319.011-.85.006-.449.015-1.203l-.229-.149c-.504-.328-1.018-.655-1.512-.959-.1-.062-.199-.123-.296-.182-.655-.398-1.203-.711-1.6-.91-1.85-.925-2.944-1.222-5.374-1.222zm20.156 0c-2.43 0-3.524.297-5.374 1.222-.397.199-.945.512-1.6.91-.097.059-.196.12-.296.182-.494.304-1.008.631-1.512.959l-.229.149c.009.754.004.353.015 1.203.016 1.349.031 2.807.046 4.319.019 1.944.035 3.833.047 5.615.021 3.282.027 6.018.014 8.027-.01 1.197-.002.541-.024 1.968.434-.212.928-.453 1.339-.652.091-.045.091-.045.182-.089.649-.318 1.148-.569 1.547-.781 1.833-.97 4.218-1.536 6.354-1.536.942 0 2.345.191 3.851.489.625.127.296.057.987.212l-.002-.454c-.006-1.356-.011-2.819-.016-4.337-.006-1.952-.012-3.849-.015-5.638-.008-3.294-.01-6.039-.005-8.053.002-1.146.007-2.04.014-2.661l.003-.285c-.686-.176-.292-.079-1.185-.28-1.445-.305-2.879-.489-4.141-.489zm-25.595 23.834-.249.355.067-.059c.146-.179.085-.081.182-.296zm31.034 0c.097.215.036.117.182.296l.067.059zm-30.958-.282h-.001l-.027.175c.039-.086.021-.031.028-.175zm30.882 0c.007.144-.011.089.028.175z"
              />
              <path
                d="m11.555 4.151c.472.138.718.46.766.94v2.737h2.553c.53 0 .959.43.959.96s-.429.959-.959.959h-2.553v9.947c0 .53-.43.96-.959.96-.53 0-.96-.43-.96-.959v-9.948h-2.553c-.53 0-.959-.429-.959-.959s.429-.96.959-.96h2.553v-2.737c0-.53.43-.96.96-.96z"
              />
            </svg>
          </div>
          <div
            className="mr-5"
          >
            <button
              aria-controls="popover-1"
              aria-expanded={false}
              aria-haspopup="dialog"
              className="py-1 px-2 hover:underline"
              data-radix-popover-trigger=""
              onClick={[Function]}
              type="button"
            >
              Mk 16:15-16
            </button>
          </div>
        </div>
      </div>
    </div>
    <div
      className="episode-excerpt"
    >
      Podcastin avausjakso. Kuuntele mistä podcastissä on kyse ja ota käyttöön ensimmäinen lähetyksenseurantakoodi.
    </div>
    <div
      className="app"
    >
      <section
        className="section"
      >
        <h1>
          ReactPlayer Demo
        </h1>
        <div
          className="player-wrapper"
        >
          <div
            className="react-player"
            style={
              Object {
                "height": "100%",
                "width": "100%",
              }
            }
          />
        </div>
        <table>
          <tbody>
            <tr>
              <th>
                Controls
              </th>
              <td>
                <button
                  onClick={[Function]}
                >
                  Stop
                </button>
                <button
                  onClick={[Function]}
                >
                  Play
                </button>
                <button>
                  Fullscreen
                </button>
              </td>
            </tr>
            <tr>
              <th>
                Speed
              </th>
              <td>
                <button
                  onClick={[Function]}
                  value={1}
                >
                  1x
                </button>
                <button
                  onClick={[Function]}
                  value={1.5}
                >
                  1.5x
                </button>
                <button
                  onClick={[Function]}
                  value={2}
                >
                  2x
                </button>
              </td>
            </tr>
            <tr>
              <th>
                Seek
              </th>
              <td>
                <input
                  max={0.999999}
                  min={0}
                  onChange={[Function]}
                  onMouseDown={[Function]}
                  onMouseUp={[Function]}
                  step="any"
                  type="range"
                  value={0}
                />
              </td>
            </tr>
            <tr>
              <th>
                Volume
              </th>
              <td>
                <input
                  max={1}
                  min={0}
                  onChange={[Function]}
                  step="any"
                  type="range"
                  value={0.8}
                />
              </td>
            </tr>
            <tr>
              <th>
                <label
                  htmlFor="controls"
                >
                  Controls
                </label>
              </th>
              <td>
                <input
                  checked={false}
                  id="controls"
                  type="checkbox"
                />
                <em>
                    Requires player reload
                </em>
              </td>
            </tr>
            <tr>
              <th>
                <label
                  htmlFor="muted"
                >
                  Muted
                </label>
              </th>
              <td>
                <input
                  checked={false}
                  id="muted"
                  onChange={[Function]}
                  type="checkbox"
                />
              </td>
            </tr>
            <tr>
              <th>
                <label
                  htmlFor="loop"
                >
                  Loop
                </label>
              </th>
              <td>
                <input
                  checked={false}
                  id="loop"
                  type="checkbox"
                />
              </td>
            </tr>
            <tr>
              <th>
                <label
                  htmlFor="light"
                >
                  Light mode
                </label>
              </th>
              <td>
                <input
                  checked={false}
                  id="light"
                  type="checkbox"
                />
              </td>
            </tr>
            <tr>
              <th>
                Played
              </th>
              <td>
                <progress
                  max={1}
                  value={0}
                />
              </td>
            </tr>
            <tr>
              <th>
                Loaded
              </th>
              <td>
                <progress
                  max={1}
                  value={0}
                />
              </td>
            </tr>
          </tbody>
        </table>
      </section>
      <section
        className="section"
      >
        <table>
          <tbody>
            <tr>
              <th>
                YouTube
              </th>
              <td>
                <button
                  onClick={[Function]}
                >
                  Test A
                </button>
                <button
                  onClick={[Function]}
                >
                  Test B
                </button>
                <button
                  onClick={[Function]}
                >
                  Playlist
                </button>
              </td>
            </tr>
            <tr>
              <th>
                SoundCloud
              </th>
              <td>
                <button
                  onClick={[Function]}
                >
                  Test A
                </button>
                <button
                  onClick={[Function]}
                >
                  Test B
                </button>
                <button
                  onClick={[Function]}
                >
                  Playlist
                </button>
              </td>
            </tr>
            <tr>
              <th>
                Facebook
              </th>
              <td>
                <button
                  onClick={[Function]}
                >
                  Test A
                </button>
                <button
                  onClick={[Function]}
                >
                  Test B
                </button>
              </td>
            </tr>
            <tr>
              <th>
                Vimeo
              </th>
              <td>
                <button
                  onClick={[Function]}
                >
                  Test A
                </button>
                <button
                  onClick={[Function]}
                >
                  Test B
                </button>
              </td>
            </tr>
            <tr>
              <th>
                Twitch
              </th>
              <td>
                <button
                  onClick={[Function]}
                >
                  Test A
                </button>
                <button
                  onClick={[Function]}
                >
                  Test B
                </button>
                <button
                  onClick={[Function]}
                >
                  Test C
                </button>
              </td>
            </tr>
            <tr>
              <th>
                Streamable
              </th>
              <td>
                <button
                  onClick={[Function]}
                >
                  Test A
                </button>
                <button
                  onClick={[Function]}
                >
                  Test B
                </button>
              </td>
            </tr>
            <tr>
              <th>
                Wistia
              </th>
              <td>
                <button
                  onClick={[Function]}
                >
                  Test A
                </button>
                <button
                  onClick={[Function]}
                >
                  Test B
                </button>
                <button
                  onClick={[Function]}
                >
                  Test C
                </button>
              </td>
            </tr>
            <tr>
              <th>
                DailyMotion
              </th>
              <td>
                <button
                  onClick={[Function]}
                >
                  Test A
                </button>
                <button
                  onClick={[Function]}
                >
                  Test B
                </button>
              </td>
            </tr>
            <tr>
              <th>
                Mixcloud
              </th>
              <td>
                <button
                  onClick={[Function]}
                >
                  Test A
                </button>
                <button
                  onClick={[Function]}
                >
                  Test B
                </button>
              </td>
            </tr>
            <tr>
              <th>
                Vidyard
              </th>
              <td>
                <button
                  onClick={[Function]}
                >
                  Test A
                </button>
                <button
                  onClick={[Function]}
                >
                  Test B
                </button>
              </td>
            </tr>
            <tr>
              <th>
                Kaltura
              </th>
              <td>
                <button
                  onClick={[Function]}
                >
                  Test A
                </button>
                <button
                  onClick={[Function]}
                >
                  Test B
                </button>
              </td>
            </tr>
            <tr>
              <th>
                Files
              </th>
              <td>
                <button
                  onClick={[Function]}
                >
                  mp4
                </button>
                <button
                  onClick={[Function]}
                >
                  webm
                </button>
                <button
                  onClick={[Function]}
                >
                  ogv
                </button>
                <button
                  onClick={[Function]}
                >
                  mp3
                </button>
                <br />
                <button
                  onClick={[Function]}
                >
                  HLS (m3u8)
                </button>
                <button
                  onClick={[Function]}
                >
                  DASH (mpd)
                </button>
              </td>
            </tr>
            <tr>
              <th>
                Custom URL
              </th>
              <td>
                <input
                  placeholder="Enter URL"
                  type="text"
                />
                <button
                  onClick={[Function]}
                >
                  Load
                </button>
              </td>
            </tr>
          </tbody>
        </table>
        <h2>
          State
        </h2>
        <table>
          <tbody>
            <tr>
              <th>
                url
              </th>
              <td
                className="faded"
              >
                null
              </td>
            </tr>
            <tr>
              <th>
                playing
              </th>
              <td>
                false
              </td>
            </tr>
            <tr>
              <th>
                volume
              </th>
              <td>
                0.800
              </td>
            </tr>
            <tr>
              <th>
                played
              </th>
              <td>
                0.000
              </td>
            </tr>
            <tr>
              <th>
                loaded
              </th>
              <td>
                0.000
              </td>
            </tr>
            <tr>
              <th>
                duration
              </th>
              <td>
                <time
                  dateTime="P0S"
                >
                  0:00
                </time>
              </td>
            </tr>
            <tr>
              <th>
                elapsed
              </th>
              <td>
                <time
                  dateTime="P0S"
                >
                  0:00
                </time>
              </td>
            </tr>
            <tr>
              <th>
                remaining
              </th>
              <td>
                <time
                  dateTime="P0S"
                >
                  0:00
                </time>
              </td>
            </tr>
          </tbody>
        </table>
      </section>
    </div>
  </div>
</div>
`;
